2025-10-26 19:12:21, MOVE, v:1, k:poo@motouber, mode:DOWN
2025-10-26 19:12:22, MOVE, v:1, k:poo@motouber, mode:PICK
2025-10-26 19:12:23, EXEC, v:1, k:poo@motouber, mode:FULL, rate:0, size:0
2025-10-26 19:13:18, EXEC, v:1, k:poo@motouber, mode:FULL, rate:0
2025-10-26 19:13:19, MOVE, v:1, k:poo@motouber, mode:BACK
2025-10-26 19:13:24, MOVE, v:1, k:poo@motouber, mode:PICK
2025-10-26 19:13:25, EXEC, v:1, k:poo@motouber, mode:FULL, rate:0
2025-10-26 19:17:13, MOVE, v:1, k:poo@motouber, mode:BACK
2025-10-26 19:18:55, MOVE, v:1, k:poo@motouber, mode:PICK
2025-10-26 19:18:55, EXEC, v:1, k:poo@motouber, mode:FULL, rate:0, size:4
2025-10-26 19:18:58, EXEC, v:1, k:poo@motouber, mode:FULL, rate:0
2025-10-26 19:19:08, EXEC, v:1, k:poo@motouber, mode:FULL, rate:0, size:3
2025-10-26 19:19:16, EXEC, v:1, k:poo@motouber, mode:FULL, rate:0, size:4
2025-10-26 19:19:43, EXEC, v:1, k:poo@motouber, mode:FULL, rate:0, size:7
2025-10-26 19:21:07, EXEC, v:1, k:poo@motouber, mode:FULL, rate:0, size:10
2025-10-26 19:21:09, MOVE, v:1, k:poo@motouber, mode:BACK
2025-10-26 19:21:11, MOVE, v:1, k:poo@motouber, mode:PICK
2025-10-26 19:23:15, MOVE, v:1, k:poo@motouber, mode:BACK
2025-10-26 19:23:25, MOVE, v:1, k:poo@motouber, mode:PICK
2025-10-26 19:23:27, EXEC, v:1, k:poo@motouber, mode:FULL, rate:0, size:13
2025-10-26 19:24:18, EXEC, v:1, k:poo@motouber, mode:FULL, rate:0
2025-10-26 19:25:46, EXEC, v:1, k:poo@motouber, mode:FULL, rate:0, size:19
2025-10-26 19:25:58, EXEC, v:1, k:poo@motouber, mode:FULL, rate:0
2025-10-26 19:26:00, EXEC, v:1, k:poo@motouber, mode:FULL, rate:0, size:19
2025-10-26 19:26:16, EXEC, v:1, k:poo@motouber, mode:FULL, rate:0, size:19
2025-10-26 19:27:50, MOVE, v:1, k:poo@motouber, mode:BACK
2025-10-26 19:27:52, MOVE, v:1, k:poo@motouber, mode:PICK
2025-10-26 19:28:00, EXEC, v:1, k:poo@motouber, mode:FULL, rate:0, size:19
2025-10-26 19:28:09, EXEC, v:1, k:poo@motouber, mode:FULL, rate:0, size:19
2025-10-26 19:28:13, EXEC, v:1, k:poo@motouber, mode:FULL, rate:0, size:19
2025-10-26 19:30:04, EXEC, v:1, k:poo@motouber, mode:FULL, rate:0, size:19
2025-10-26 19:30:07, EXEC, v:1, k:poo@motouber, mode:FULL, rate:0
2025-10-26 19:30:12, EXEC, v:1, k:poo@motouber, mode:FULL, rate:0, size:19
2025-10-26 19:30:17, MOVE, v:1, k:poo@motouber, mode:BACK
2025-10-26 19:30:20, MOVE, v:1, k:poo@motouber, mode:PICK
2025-10-26 19:30:21, EXEC, v:1, k:poo@motouber, mode:FULL, rate:0
2025-10-26 19:36:46, EXEC, v:1, k:poo@motouber, mode:FULL, rate:0, size:25
2025-10-26 19:38:25, EXEC, v:1, k:poo@motouber, mode:FULL, rate:0, size:24
2025-10-26 19:40:37, EXEC, v:1, k:poo@motouber, mode:FULL, rate:0, size:25
2025-10-26 19:41:03, EXEC, v:1, k:poo@motouber, mode:FULL, rate:0, size:30
2025-10-26 19:41:09, EXEC, v:1, k:poo@motouber, mode:FULL, rate:0, size:30
2025-10-26 19:41:21, EXEC, v:1, k:poo@motouber, mode:FULL, rate:0, size:31
2025-10-26 19:44:29, EXEC, v:1, k:poo@motouber, mode:FULL, rate:0, size:34
2025-10-26 19:44:56, EXEC, v:1, k:poo@motouber, mode:FULL, rate:0, size:37
2025-10-26 19:45:15, MOVE, v:1, k:poo@motouber, mode:PICK
2025-10-26 19:45:15, EXEC, v:1, k:poo@motouber, mode:FULL, rate:0, size:37
2025-10-26 19:45:20, EXEC, v:1, k:poo@motouber, mode:FULL, rate:0, size:37
2025-10-26 19:50:24, MOVE, v:1, k:poo@motouber, mode:BACK
2025-10-26 19:50:27, MOVE, v:1, k:poo@motouber, mode:PICK
2025-10-26 19:50:28, EXEC, v:1, k:poo@motouber, mode:FULL, rate:0, size:43
2025-10-26 19:50:40, EXEC, v:1, k:poo@motouber, mode:FULL, rate:0
2025-10-26 19:50:42, EXEC, v:1, k:poo@motouber, mode:FULL, rate:0, size:43
2025-10-26 19:50:49, MOVE, v:1, k:poo@motouber, mode:PICK
2025-10-26 19:50:50, EXEC, v:1, k:poo@motouber, mode:FULL, rate:0
2025-10-26 19:54:17, EXEC, v:1, k:poo@motouber, mode:FULL, rate:0, size:54
2025-10-26 19:54:25, EXEC, v:1, k:poo@motouber, mode:FULL, rate:0, size:54
2025-10-26 19:57:36, EXEC, v:1, k:poo@motouber, mode:FULL, rate:0, size:54
2025-10-26 20:00:24, EXEC, v:1, k:poo@motouber, mode:FULL, rate:0, size:62
2025-10-26 20:00:25, MOVE, v:1, k:poo@motouber, mode:BACK
2025-10-26 20:00:35, MOVE, v:1, k:poo@motouber, mode:PICK
2025-10-26 20:00:36, EXEC, v:1, k:poo@motouber, mode:FULL, rate:0
2025-10-26 20:00:38, MOVE, v:1, k:poo@motouber, mode:BACK
2025-10-26 20:01:07, MOVE, v:1, k:poo@motouber, mode:PICK
2025-10-26 20:01:09, EXEC, v:1, k:poo@motouber, mode:FULL, rate:0
2025-10-26 20:04:37, EXEC, v:1, k:poo@motouber, mode:FULL, rate:0, size:62
2025-10-26 20:04:41, EXEC, v:1, k:poo@motouber, mode:FULL, rate:0, size:62
2025-10-26 20:04:41, MOVE, v:1, k:poo@motouber, mode:BACK
2025-10-26 20:04:43, MOVE, v:1, k:poo@motouber, mode:PICK
2025-10-26 20:04:45, EXEC, v:1, k:poo@motouber, mode:FULL, rate:0
2025-10-26 20:06:17, MOVE, v:1, k:poo@motouber, mode:BACK
2025-10-26 20:07:31, MOVE, v:1, k:poo@motouber, mode:PICK
2025-10-26 20:07:36, MOVE, v:1, k:poo@motouber, mode:BACK
2025-10-26 20:07:37, MOVE, v:1, k:poo@motouber, mode:PICK
2025-10-26 20:07:38, EXEC, v:1, k:poo@motouber, mode:FULL, rate:0
2025-10-26 20:08:13, EXEC, v:1, k:poo@motouber, mode:FULL, rate:0, size:60
2025-10-26 20:08:20, EXEC, v:1, k:poo@motouber, mode:FULL, rate:0, size:60
2025-10-26 20:08:27, EXEC, v:1, k:poo@motouber, mode:FULL, rate:0, size:62
2025-10-26 20:09:03, MOVE, v:1, k:poo@motouber, mode:PICK
2025-10-26 20:09:18, MOVE, v:1, k:poo@motouber, mode:PICK
2025-10-26 20:09:20, EXEC, v:1, k:poo@motouber, mode:FULL, rate:0, size:62
2025-10-26 20:11:05, MOVE, v:1, k:poo@motouber, mode:BACK
2025-10-26 20:11:15, MOVE, v:1, k:poo@motouber, mode:PICK
2025-10-26 20:11:16, EXEC, v:1, k:poo@motouber, mode:FULL, rate:0
2025-10-26 20:11:17, EXEC, v:1, k:poo@motouber, mode:FULL, rate:0
2025-10-26 20:11:18, EXEC, v:1, k:poo@motouber, mode:FULL, rate:0
2025-10-26 20:11:19, MOVE, v:1, k:poo@motouber, mode:BACK
2025-10-26 20:11:43, MOVE, v:1, k:poo@motouber, mode:PICK
2025-10-26 20:11:44, EXEC, v:1, k:poo@motouber, mode:FULL, rate:0
2025-10-26 20:11:55, EXEC, v:1, k:poo@motouber, mode:FULL, rate:0, size:63
2025-10-26 20:12:41, EXEC, v:1, k:poo@motouber, mode:FULL, rate:0, size:67
2025-10-26 20:12:41, EXEC, v:1, k:poo@motouber, mode:FULL, rate:0, size:67
2025-10-26 20:13:47, EXEC, v:1, k:poo@motouber, mode:FULL, rate:0, size:72
2025-10-26 20:13:47, MOVE, v:1, k:poo@motouber, mode:BACK
2025-10-26 20:14:42, MOVE, v:1, k:poo@motouber, mode:PICK
2025-10-26 20:14:43, EXEC, v:1, k:poo@motouber, mode:FULL, rate:0, size:80
2025-10-26 20:14:44, EXEC, v:1, k:poo@motouber, mode:FULL, rate:0
2025-10-26 20:14:49, EXEC, v:1, k:poo@motouber, mode:FULL, rate:0
2025-10-26 20:14:55, EXEC, v:1, k:poo@motouber, mode:FULL, rate:0, size:72
2025-10-26 20:15:00, EXEC, v:1, k:poo@motouber, mode:FULL, rate:0, size:80
2025-10-26 20:15:12, MOVE, v:1, k:poo@motouber, mode:BACK
2025-10-26 20:15:16, MOVE, v:1, k:poo@motouber, mode:PICK
2025-10-26 20:15:21, EXEC, v:1, k:poo@motouber, mode:FULL, rate:0
2025-10-26 20:16:31, EXEC, v:1, k:poo@motouber, mode:FULL, rate:0, size:84
2025-10-26 20:17:13, EXEC, v:1, k:poo@motouber, mode:FULL, rate:0, size:86
2025-10-26 20:17:16, MOVE, v:1, k:poo@motouber, mode:BACK
2025-10-26 20:17:31, MOVE, v:1, k:poo@motouber, mode:PICK
2025-10-26 20:17:32, EXEC, v:1, k:poo@motouber, mode:FULL, rate:0, size:87
2025-10-26 20:17:49, EXEC, v:1, k:poo@motouber, mode:FULL, rate:0, size:89
2025-10-26 20:17:52, EXEC, v:1, k:poo@motouber, mode:FULL, rate:0
2025-10-26 20:18:03, EXEC, v:1, k:poo@motouber, mode:FULL, rate:0, size:92
2025-10-26 20:18:04, EXEC, v:1, k:poo@motouber, mode:FULL, rate:0
2025-10-26 20:18:48, EXEC, v:1, k:poo@motouber, mode:FULL, rate:0, size:94
2025-10-26 20:19:02, MOVE, v:1, k:poo@motouber, mode:PICK
2025-10-26 20:19:03, EXEC, v:1, k:poo@motouber, mode:FULL, rate:0, size:94
2025-10-26 20:19:07, EXEC, v:1, k:poo@motouber, mode:FULL, rate:0
2025-10-26 20:19:12, EXEC, v:1, k:poo@motouber, mode:FULL, rate:0, size:94
2025-10-26 20:19:25, EXEC, v:1, k:poo@motouber, mode:FULL, rate:0, size:96
2025-10-26 20:19:27, EXEC, v:1, k:poo@motouber, mode:FULL, rate:0
2025-10-26 20:20:40, EXEC, v:1, k:poo@motouber, mode:FULL, rate:0, size:99
2025-10-26 20:20:41, EXEC, v:1, k:poo@motouber, mode:FULL, rate:0
2025-10-26 20:21:16, EXEC, v:1, k:poo@motouber, mode:FULL, rate:0, size:104
2025-10-26 20:24:13, EXEC, v:1, k:poo@motouber, mode:FULL, rate:0, size:126
2025-10-26 20:25:45, EXEC, v:1, k:poo@motouber, mode:FULL, rate:0, size:138
2025-10-26 20:25:46, EXEC, v:1, k:poo@motouber, mode:FULL, rate:0
2025-10-26 20:25:46, EXEC, v:1, k:poo@motouber, mode:FULL, rate:0
2025-10-26 20:25:47, EXEC, v:1, k:poo@motouber, mode:FULL, rate:0
2025-10-26 20:25:47, EXEC, v:1, k:poo@motouber, mode:FULL, rate:0
